// Jest Snapshot v1, https://goo.gl/fbAQLP

exports[`should all posts 1`] = `
Object {
  "posts": Object {
    "edges": Array [
      Object {
        "node": Object {
          "author": Object {
            "name": "user#2",
          },
          "content": "content#1",
        },
      },
      Object {
        "node": Object {
          "author": Object {
            "name": "user#1",
          },
          "content": "content#0",
        },
      },
    ],
  },
}
`;
