// Jest Snapshot v1, https://goo.gl/fbAQLP

exports[`should all posts 1`] = `
{
  "posts": {
    "edges": [
      {
        "node": {
          "author": {
            "name": "user#2",
          },
          "content": "content#1",
        },
      },
      {
        "node": {
          "author": {
            "name": "user#1",
          },
          "content": "content#0",
        },
      },
    ],
  },
}
`;
